0 verbose cli C:\Program Files\nodejs\node.exe C:\Program Files\nodejs\node_modules\npm\bin\npm-cli.js
1 info using npm@11.16.0
2 info using node@v24.18.0
3 silly config load:file:C:\Program Files\nodejs\node_modules\npm\npmrc
4 silly config load:file:C:\repos\vendemefacil\apps\web\.npmrc
5 silly config load:file:C:\Users\PC\.npmrc
6 silly config load:file:C:\Users\PC\AppData\Roaming\npm\etc\npmrc
7 verbose title npm uninstall jspdf html2canvas
8 verbose argv "uninstall" "jspdf" "html2canvas" "--cache" "C:\\repos\\vendemefacil\\.npm-cache"
9 verbose logfile logs-max:10 dir:C:\repos\vendemefacil\.npm-cache\_logs\2026-08-13T17_45_03_950Z-
10 verbose logfile C:\repos\vendemefacil\.npm-cache\_logs\2026-08-13T17_45_03_950Z-debug-0.log
11 silly logfile done cleaning log files
12 silly packumentCache heap:4496293888 maxSize:1124073472 maxEntrySize:562036736
13 silly idealTree buildDeps
14 silly reify mark retired [ 'C:\\repos\\vendemefacil\\apps\\web\\node_modules\\@types\\pako' ]
15 silly reify mark retired [ 'C:\\repos\\vendemefacil\\apps\\web\\node_modules\\@types\\raf' ]
16 silly reify mark retired [
16 silly reify   'C:\\repos\\vendemefacil\\apps\\web\\node_modules\\@types\\trusted-types'
16 silly reify ]
17 silly reify mark retired [
17 silly reify   'C:\\repos\\vendemefacil\\apps\\web\\node_modules\\base64-arraybuffer'
17 silly reify ]
18 silly reify mark retired [ 'C:\\repos\\vendemefacil\\apps\\web\\node_modules\\canvg' ]
19 silly reify mark retired [ 'C:\\repos\\vendemefacil\\apps\\web\\node_modules\\core-js' ]
20 silly reify mark retired [ 'C:\\repos\\vendemefacil\\apps\\web\\node_modules\\css-line-break' ]
21 silly reify mark retired [ 'C:\\repos\\vendemefacil\\apps\\web\\node_modules\\dompurify' ]
22 silly reify mark retired [ 'C:\\repos\\vendemefacil\\apps\\web\\node_modules\\fast-png' ]
23 silly reify mark retired [ 'C:\\repos\\vendemefacil\\apps\\web\\node_modules\\fflate' ]
24 silly reify mark retired [ 'C:\\repos\\vendemefacil\\apps\\web\\node_modules\\html2canvas' ]
25 silly reify mark retired [ 'C:\\repos\\vendemefacil\\apps\\web\\node_modules\\iobuffer' ]
26 silly reify mark retired [ 'C:\\repos\\vendemefacil\\apps\\web\\node_modules\\jspdf' ]
27 silly reify mark retired [ 'C:\\repos\\vendemefacil\\apps\\web\\node_modules\\pako' ]
28 silly reify mark retired [ 'C:\\repos\\vendemefacil\\apps\\web\\node_modules\\performance-now' ]
29 silly reify mark retired [ 'C:\\repos\\vendemefacil\\apps\\web\\node_modules\\raf' ]
30 silly reify mark retired [
30 silly reify   'C:\\repos\\vendemefacil\\apps\\web\\node_modules\\regenerator-runtime'
30 silly reify ]
31 silly reify mark retired [ 'C:\\repos\\vendemefacil\\apps\\web\\node_modules\\rgbcolor' ]
32 silly reify mark retired [
32 silly reify   'C:\\repos\\vendemefacil\\apps\\web\\node_modules\\stackblur-canvas'
32 silly reify ]
33 silly reify mark retired [ 'C:\\repos\\vendemefacil\\apps\\web\\node_modules\\svg-pathdata' ]
34 silly reify mark retired [
34 silly reify   'C:\\repos\\vendemefacil\\apps\\web\\node_modules\\text-segmentation'
34 silly reify ]
35 silly reify mark retired [ 'C:\\repos\\vendemefacil\\apps\\web\\node_modules\\utrie' ]
36 silly reify moves {
36 silly reify   'C:\\repos\\vendemefacil\\apps\\web\\node_modules\\@types\\pako': 'C:\\repos\\vendemefacil\\apps\\web\\node_modules\\@types\\.pako-MZaB4W2n',
36 silly reify   'C:\\repos\\vendemefacil\\apps\\web\\node_modules\\@types\\raf': 'C:\\repos\\vendemefacil\\apps\\web\\node_modules\\@types\\.raf-Ci189izv',
36 silly reify   'C:\\repos\\vendemefacil\\apps\\web\\node_modules\\@types\\trusted-types': 'C:\\repos\\vendemefacil\\apps\\web\\node_modules\\@types\\.trusted-types-dXSr8Uoa',
36 silly reify   'C:\\repos\\vendemefacil\\apps\\web\\node_modules\\base64-arraybuffer': 'C:\\repos\\vendemefacil\\apps\\web\\node_modules\\.base64-arraybuffer-yXeZYblB',
36 silly reify   'C:\\repos\\vendemefacil\\apps\\web\\node_modules\\canvg': 'C:\\repos\\vendemefacil\\apps\\web\\node_modules\\.canvg-X5W5AvXm',
36 silly reify   'C:\\repos\\vendemefacil\\apps\\web\\node_modules\\core-js': 'C:\\repos\\vendemefacil\\apps\\web\\node_modules\\.core-js-B4xs2PjX',
36 silly reify   'C:\\repos\\vendemefacil\\apps\\web\\node_modules\\css-line-break': 'C:\\repos\\vendemefacil\\apps\\web\\node_modules\\.css-line-break-oal54d3e',
36 silly reify   'C:\\repos\\vendemefacil\\apps\\web\\node_modules\\dompurify': 'C:\\repos\\vendemefacil\\apps\\web\\node_modules\\.dompurify-s50zwkQX',
36 silly reify   'C:\\repos\\vendemefacil\\apps\\web\\node_modules\\fast-png': 'C:\\repos\\vendemefacil\\apps\\web\\node_modules\\.fast-png-DDYlY3Ja',
36 silly reify   'C:\\repos\\vendemefacil\\apps\\web\\node_modules\\fflate': 'C:\\repos\\vendemefacil\\apps\\web\\node_modules\\.fflate-ECNyGd1t',
36 silly reify   'C:\\repos\\vendemefacil\\apps\\web\\node_modules\\html2canvas': 'C:\\repos\\vendemefacil\\apps\\web\\node_modules\\.html2canvas-y8zeKYVM',
36 silly reify   'C:\\repos\\vendemefacil\\apps\\web\\node_modules\\iobuffer': 'C:\\repos\\vendemefacil\\apps\\web\\node_modules\\.iobuffer-JwCtJPyB',
36 silly reify   'C:\\repos\\vendemefacil\\apps\\web\\node_modules\\jspdf': 'C:\\repos\\vendemefacil\\apps\\web\\node_modules\\.jspdf-avhTg1pE',
36 silly reify   'C:\\repos\\vendemefacil\\apps\\web\\node_modules\\pako': 'C:\\repos\\vendemefacil\\apps\\web\\node_modules\\.pako-KvYrtdf5',
36 silly reify   'C:\\repos\\vendemefacil\\apps\\web\\node_modules\\performance-now': 'C:\\repos\\vendemefacil\\apps\\web\\node_modules\\.performance-now-Hx9eAUOC',
36 silly reify   'C:\\repos\\vendemefacil\\apps\\web\\node_modules\\raf': 'C:\\repos\\vendemefacil\\apps\\web\\node_modules\\.raf-dTmhcyto',
36 silly reify   'C:\\repos\\vendemefacil\\apps\\web\\node_modules\\regenerator-runtime': 'C:\\repos\\vendemefacil\\apps\\web\\node_modules\\.regenerator-runtime-mcorDF5o',
36 silly reify   'C:\\repos\\vendemefacil\\apps\\web\\node_modules\\rgbcolor': 'C:\\repos\\vendemefacil\\apps\\web\\node_modules\\.rgbcolor-pD6x2Gdt',
36 silly reify   'C:\\repos\\vendemefacil\\apps\\web\\node_modules\\stackblur-canvas': 'C:\\repos\\vendemefacil\\apps\\web\\node_modules\\.stackblur-canvas-7jQJyznv',
36 silly reify   'C:\\repos\\vendemefacil\\apps\\web\\node_modules\\svg-pathdata': 'C:\\repos\\vendemefacil\\apps\\web\\node_modules\\.svg-pathdata-plzb2etu',
36 silly reify   'C:\\repos\\vendemefacil\\apps\\web\\node_modules\\text-segmentation': 'C:\\repos\\vendemefacil\\apps\\web\\node_modules\\.text-segmentation-OJp97NPe',
36 silly reify   'C:\\repos\\vendemefacil\\apps\\web\\node_modules\\utrie': 'C:\\repos\\vendemefacil\\apps\\web\\node_modules\\.utrie-nGnwcigN'
36 silly reify }
37 silly audit bulk request {
37 silly audit   '@adobe/css-tools': [ '4.5.0' ],
37 silly audit   '@asamuzakjp/css-color': [ '6.0.7' ],
37 silly audit   '@asamuzakjp/dom-selector': [ '8.3.2' ],
37 silly audit   '@babel/code-frame': [ '7.29.7' ],
37 silly audit   '@babel/compat-data': [ '7.29.7' ],
37 silly audit   '@babel/core': [ '7.29.7' ],
37 silly audit   '@babel/generator': [ '7.29.8' ],
37 silly audit   '@babel/helper-compilation-targets': [ '7.29.7' ],
37 silly audit   'lru-cache': [ '5.1.1', '11.5.2' ],
37 silly audit   '@babel/helper-globals': [ '7.29.7' ],
37 silly audit   '@babel/helper-module-imports': [ '7.29.7' ],
37 silly audit   '@babel/helper-module-transforms': [ '7.29.7' ],
37 silly audit   '@babel/helper-string-parser': [ '7.29.7' ],
37 silly audit   '@babel/helper-validator-identifier': [ '7.29.7' ],
37 silly audit   '@babel/helper-validator-option': [ '7.29.7' ],
37 silly audit   '@babel/helpers': [ '7.29.7' ],
37 silly audit   '@babel/parser': [ '7.29.8' ],
37 silly audit   '@babel/runtime': [ '7.29.7' ],
37 silly audit   '@babel/template': [ '7.29.7' ],
37 silly audit   '@babel/traverse': [ '7.29.8' ],
37 silly audit   '@babel/types': [ '7.29.8' ],
37 silly audit   '@bramus/specificity': [ '2.4.2' ],
37 silly audit   '@csstools/color-helpers': [ '6.1.0' ],
37 silly audit   '@csstools/css-calc': [ '3.3.0' ],
37 silly audit   '@csstools/css-color-parser': [ '4.1.10' ],
37 silly audit   '@csstools/css-parser-algorithms': [ '4.0.0' ],
37 silly audit   '@csstools/css-syntax-patches-for-csstree': [ '1.1.7' ],
37 silly audit   '@csstools/css-tokenizer': [ '4.0.0' ],
37 silly audit   '@eslint-community/eslint-utils': [ '4.10.1' ],
37 silly audit   'eslint-visitor-keys': [ '3.4.3', '5.0.1' ],
37 silly audit   '@eslint-community/regexpp': [ '4.12.2' ],
37 silly audit   '@eslint/config-array': [ '0.23.5' ],
37 silly audit   '@eslint/config-helpers': [ '0.7.0' ],
37 silly audit   '@eslint/core': [ '1.2.1' ],
37 silly audit   '@eslint/js': [ '10.0.1' ],
37 silly audit   '@eslint/object-schema': [ '3.0.5' ],
37 silly audit   '@eslint/plugin-kit': [ '0.7.2' ],
37 silly audit   '@exodus/bytes': [ '1.15.1' ],
37 silly audit   '@humanfs/core': [ '0.19.2' ],
37 silly audit   '@humanfs/node': [ '0.16.8' ],
37 silly audit   '@humanfs/types': [ '0.15.0' ],
37 silly audit   '@humanwhocodes/module-importer': [ '1.0.1' ],
37 silly audit   '@humanwhocodes/retry': [ '0.4.3' ],
37 silly audit   '@jridgewell/gen-mapping': [ '0.3.13' ],
37 silly audit   '@jridgewell/remapping': [ '2.3.5' ],
37 silly audit   '@jridgewell/resolve-uri': [ '3.1.2' ],
37 silly audit   '@jridgewell/sourcemap-codec': [ '1.5.5' ],
37 silly audit   '@jridgewell/trace-mapping': [ '0.3.31' ],
37 silly audit   '@oxc-project/types': [ '0.144.0' ],
37 silly audit   '@rolldown/binding-android-arm64': [ '1.2.4' ],
37 silly audit   '@rolldown/binding-darwin-arm64': [ '1.2.4' ],
37 silly audit   '@rolldown/binding-darwin-x64': [ '1.2.4' ],
37 silly audit   '@rolldown/binding-freebsd-x64': [ '1.2.4' ],
37 silly audit   '@rolldown/binding-linux-arm-gnueabihf': [ '1.2.4' ],
37 silly audit   '@rolldown/binding-linux-arm64-gnu': [ '1.2.4' ],
37 silly audit   '@rolldown/binding-linux-arm64-musl': [ '1.2.4' ],
37 silly audit   '@rolldown/binding-linux-ppc64-gnu': [ '1.2.4' ],
37 silly audit   '@rolldown/binding-linux-s390x-gnu': [ '1.2.4' ],
37 silly audit   '@rolldown/binding-linux-x64-gnu': [ '1.2.4' ],
37 silly audit   '@rolldown/binding-linux-x64-musl': [ '1.2.4' ],
37 silly audit   '@rolldown/binding-openharmony-arm64': [ '1.2.4' ],
37 silly audit   '@rolldown/binding-win32-arm64-msvc': [ '1.2.4' ],
37 silly audit   '@rolldown/binding-win32-x64-msvc': [ '1.2.4' ],
37 silly audit   '@rolldown/pluginutils': [ '1.0.1' ],
37 silly audit   '@standard-schema/spec': [ '1.1.0' ],
37 silly audit   '@testing-library/dom': [ '10.4.1' ],
37 silly audit   '@testing-library/jest-dom': [ '7.0.1' ],
37 silly audit   'dom-accessibility-api': [ '0.6.3', '0.5.16' ],
37 silly audit   '@testing-library/react': [ '16.3.2' ],
37 silly audit   '@types/aria-query': [ '5.0.4' ],
37 silly audit   '@types/chai': [ '5.2.3' ],
37 silly audit   '@types/deep-eql': [ '4.0.2' ],
37 silly audit   '@types/esrecurse': [ '4.3.1' ],
37 silly audit   '@types/estree': [ '1.0.9' ],
37 silly audit   '@types/json-schema': [ '7.0.15' ],
37 silly audit   '@types/node': [ '26.2.0' ],
37 silly audit   '@types/react': [ '19.2.18' ],
37 silly audit   '@types/react-dom': [ '19.2.4' ],
37 silly audit   '@typescript-eslint/eslint-plugin': [ '8.67.0' ],
37 silly audit   ignore: [ '7.0.6', '5.3.2' ],
37 silly audit   '@typescript-eslint/parser': [ '8.67.0' ],
37 silly audit   '@typescript-eslint/project-service': [ '8.67.0' ],
37 silly audit   '@typescript-eslint/scope-manager': [ '8.67.0' ],
37 silly audit   '@typescript-eslint/tsconfig-utils': [ '8.67.0' ],
37 silly audit   '@typescript-eslint/type-utils': [ '8.67.0' ],
37 silly audit   '@typescript-eslint/types': [ '8.67.0' ],
37 silly audit   '@typescript-eslint/typescript-estree': [ '8.67.0' ],
37 silly audit   semver: [ '7.8.5', '6.3.1' ],
37 silly audit   '@typescript-eslint/utils': [ '8.67.0' ],
37 silly audit   '@typescript-eslint/visitor-keys': [ '8.67.0' ],
37 silly audit   '@vitejs/plugin-react': [ '6.0.5' ],
37 silly audit   '@vitest/expect': [ '4.1.10' ],
37 silly audit   '@vitest/mocker': [ '4.1.10' ],
37 silly audit   '@vitest/pretty-format': [ '4.1.10' ],
37 silly audit   '@vitest/runner': [ '4.1.10' ],
37 silly audit   '@vitest/snapshot': [ '4.1.10' ],
37 silly audit   '@vitest/spy': [ '4.1.10' ],
37 silly audit   '@vitest/utils': [ '4.1.10' ],
37 silly audit   acorn: [ '8.18.0' ],
37 silly audit   'acorn-jsx': [ '5.3.2' ],
37 silly audit   ajv: [ '6.15.0' ],
37 silly audit   'ansi-regex': [ '5.0.1' ],
37 silly audit   'ansi-styles': [ '5.2.0' ],
37 silly audit   'aria-query': [ '5.3.0' ],
37 silly audit   'assertion-error': [ '2.0.1' ],
37 silly audit   'balanced-match': [ '4.0.4' ],
37 silly audit   'baseline-browser-mapping': [ '2.11.13' ],
37 silly audit   'bidi-js': [ '1.0.3' ],
37 silly audit   'brace-expansion': [ '5.0.9' ],
37 silly audit   browserslist: [ '4.28.8' ],
37 silly audit   'caniuse-lite': [ '1.0.30001809' ],
37 silly audit   chai: [ '6.2.2' ],
37 silly audit   'convert-source-map': [ '2.0.0' ],
37 silly audit   'cross-spawn': [ '7.0.6' ],
37 silly audit   'css-tree': [ '3.2.1' ],
37 silly audit   'css.escape': [ '1.5.1' ],
37 silly audit   csstype: [ '3.2.3' ],
37 silly audit   'data-urls': [ '7.0.0' ],
37 silly audit   'whatwg-url': [ '16.0.1', '17.1.0' ],
37 silly audit   debug: [ '4.4.3' ],
37 silly audit   'decimal.js': [ '10.6.0' ],
37 silly audit   'deep-is': [ '0.1.4' ],
37 silly audit   dequal: [ '2.0.3' ],
37 silly audit   'detect-libc': [ '2.1.2' ],
37 silly audit   'electron-to-chromium': [ '1.5.405' ],
37 silly audit   entities: [ '8.0.0' ],
37 silly audit   'es-module-lexer': [ '2.3.1' ],
37 silly audit   escalade: [ '3.2.0' ],
37 silly audit   'escape-string-regexp': [ '4.0.0' ],
37 silly audit   eslint: [ '10.8.1' ],
37 silly audit   'eslint-plugin-react-hooks': [ '7.1.1' ],
37 silly audit   'eslint-plugin-react-refresh': [ '0.5.4' ],
37 silly audit   'eslint-scope': [ '9.1.2' ],
37 silly audit   espree: [ '11.2.0' ],
37 silly audit   esquery: [ '1.7.0' ],
37 silly audit   esrecurse: [ '4.3.0' ],
37 silly audit   estraverse: [ '5.3.0' ],
37 silly audit   'estree-walker': [ '3.0.3' ],
37 silly audit   esutils: [ '2.0.3' ],
37 silly audit   'expect-type': [ '1.4.0' ],
37 silly audit   'fast-deep-equal': [ '3.1.3' ],
37 silly audit   'fast-json-stable-stringify': [ '2.1.0' ],
37 silly audit   'fast-levenshtein': [ '2.0.6' ],
37 silly audit   fdir: [ '6.5.0' ],
37 silly audit   'file-entry-cache': [ '8.0.0' ],
37 silly audit   'find-up': [ '5.0.0' ],
37 silly audit   'flat-cache': [ '4.0.1' ],
37 silly audit   flatted: [ '3.4.4' ],
37 silly audit   fsevents: [ '2.3.3' ],
37 silly audit   gensync: [ '1.0.0-beta.2' ],
37 silly audit   'glob-parent': [ '6.0.2' ],
37 silly audit   globals: [ '17.11.0' ],
37 silly audit   'hermes-estree': [ '0.25.1' ],
37 silly audit   'hermes-parser': [ '0.25.1' ],
37 silly audit   'html-encoding-sniffer': [ '6.0.0' ],
37 silly audit   imurmurhash: [ '0.1.4' ],
37 silly audit   'indent-string': [ '4.0.0' ],
37 silly audit   'is-extglob': [ '2.1.1' ],
37 silly audit   'is-glob': [ '4.0.3' ],
37 silly audit   'is-potential-custom-element-name': [ '1.0.1' ],
37 silly audit   isexe: [ '2.0.0' ],
37 silly audit   'js-tokens': [ '4.0.0' ],
37 silly audit   jsdom: [ '30.0.1' ],
37 silly audit   jsesc: [ '3.1.0' ],
37 silly audit   'json-buffer': [ '3.0.1' ],
37 silly audit   'json-schema-traverse': [ '0.4.1' ],
37 silly audit   'json-stable-stringify-without-jsonify': [ '1.0.1' ],
37 silly audit   json5: [ '2.2.3' ],
37 silly audit   keyv: [ '4.5.4' ],
37 silly audit   levn: [ '0.4.1' ],
37 silly audit   lightningcss: [ '1.33.0' ],
37 silly audit   'lightningcss-android-arm64': [ '1.33.0' ],
37 silly audit   'lightningcss-darwin-arm64': [ '1.33.0' ],
37 silly audit   'lightningcss-darwin-x64': [ '1.33.0' ],
37 silly audit   'lightningcss-freebsd-x64': [ '1.33.0' ],
37 silly audit   'lightningcss-linux-arm-gnueabihf': [ '1.33.0' ],
37 silly audit   'lightningcss-linux-arm64-gnu': [ '1.33.0' ],
37 silly audit   'lightningcss-linux-arm64-musl': [ '1.33.0' ],
37 silly audit   'lightningcss-linux-x64-gnu': [ '1.33.0' ],
37 silly audit   'lightningcss-linux-x64-musl': [ '1.33.0' ],
37 silly audit   'lightningcss-win32-arm64-msvc': [ '1.33.0' ],
37 silly audit   'lightningcss-win32-x64-msvc': [ '1.33.0' ],
37 silly audit   'locate-path': [ '6.0.0' ],
37 silly audit   'lucide-react': [ '1.31.0' ],
37 silly audit   'lz-string': [ '1.5.0' ],
37 silly audit   'magic-string': [ '0.30.21' ],
37 silly audit   'mdn-data': [ '2.27.1' ],
37 silly audit   'min-indent': [ '1.0.1' ],
37 silly audit   minimatch: [ '10.2.6' ],
37 silly audit   ms: [ '2.1.3' ],
37 silly audit   nanoid: [ '3.3.18' ],
37 silly audit   'natural-compare': [ '1.4.0' ],
37 silly audit   'node-releases': [ '2.0.53' ],
37 silly audit   obug: [ '2.1.4' ],
37 silly audit   optionator: [ '0.9.4' ],
37 silly audit   'p-limit': [ '3.1.0' ],
37 silly audit   'p-locate': [ '5.0.0' ],
37 silly audit   parse5: [ '8.0.1' ],
37 silly audit   'path-exists': [ '4.0.0' ],
37 silly audit   'path-key': [ '3.1.1' ],
37 silly audit   pathe: [ '2.0.3' ],
37 silly audit   picocolors: [ '1.1.1' ],
37 silly audit   picomatch: [ '4.0.5' ],
37 silly audit   postcss: [ '8.5.26' ],
37 silly audit   'prelude-ls': [ '1.2.1' ],
37 silly audit   'pretty-format': [ '27.5.1' ],
37 silly audit   punycode: [ '2.3.1' ],
37 silly audit   react: [ '19.2.8' ],
37 silly audit   'react-dom': [ '19.2.8' ],
37 silly audit   'react-is': [ '17.0.2' ],
37 silly audit   redent: [ '3.0.0' ],
37 silly audit   'require-from-string': [ '2.0.2' ],
37 silly audit   rolldown: [ '1.2.4' ],
37 silly audit   saxes: [ '6.0.0' ],
37 silly audit   scheduler: [ '0.27.0' ],
37 silly audit   'shebang-command': [ '2.0.0' ],
37 silly audit   'shebang-regex': [ '3.0.0' ],
37 silly audit   siginfo: [ '2.0.0' ],
37 silly audit   'source-map-js': [ '1.2.1' ],
37 silly audit   stackback: [ '0.0.2' ],
37 silly audit   'std-env': [ '4.2.0' ],
37 silly audit   'strip-indent': [ '3.0.0' ],
37 silly audit   'symbol-tree': [ '3.2.4' ],
37 silly audit   tinybench: [ '2.9.0' ],
37 silly audit   tinyexec: [ '1.3.0' ],
37 silly audit   tinyglobby: [ '0.2.17' ],
37 silly audit   tinyrainbow: [ '3.1.1' ],
37 silly audit   tldts: [ '7.4.10' ],
37 silly audit   'tldts-core': [ '7.4.10' ],
37 silly audit   'tough-cookie': [ '6.0.2' ],
37 silly audit   tr46: [ '6.0.0' ],
37 silly audit   'ts-api-utils': [ '2.5.0' ],
37 silly audit   'type-check': [ '0.4.0' ],
37 silly audit   typescript: [ '6.0.3' ],
37 silly audit   'typescript-eslint': [ '8.67.0' ],
37 silly audit   undici: [ '8.10.0' ],
37 silly audit   'undici-types': [ '8.3.0' ],
37 silly audit   'update-browserslist-db': [ '1.3.1' ],
37 silly audit   'uri-js': [ '4.4.1' ],
37 silly audit   vite: [ '8.2.1' ],
37 silly audit   vitest: [ '4.1.10' ],
37 silly audit   'w3c-xmlserializer': [ '5.0.0' ],
37 silly audit   'webidl-conversions': [ '8.0.1' ],
37 silly audit   'whatwg-mimetype': [ '5.0.0' ],
37 silly audit   which: [ '2.0.2' ],
37 silly audit   'why-is-node-running': [ '2.3.0' ],
37 silly audit   'word-wrap': [ '1.2.5' ],
37 silly audit   'xml-name-validator': [ '5.0.0' ],
37 silly audit   xmlchars: [ '2.2.0' ],
37 silly audit   yallist: [ '3.1.1' ],
37 silly audit   'yocto-queue': [ '0.1.0' ],
37 silly audit   zod: [ '4.4.3' ],
37 silly audit   'zod-validation-error': [ '4.0.2' ]
37 silly audit }
38 http fetch POST 200 https://registry.npmjs.org/-/npm/v1/security/advisories/bulk 407ms
39 silly audit report {}
40 silly REMOVE node_modules/utrie
41 silly REMOVE node_modules/text-segmentation
42 silly REMOVE node_modules/svg-pathdata
43 silly REMOVE node_modules/stackblur-canvas
44 silly REMOVE node_modules/rgbcolor
45 silly REMOVE node_modules/regenerator-runtime
46 silly REMOVE node_modules/raf
47 silly REMOVE node_modules/performance-now
48 silly REMOVE node_modules/pako
49 silly REMOVE node_modules/jspdf
50 silly REMOVE node_modules/iobuffer
51 silly REMOVE node_modules/html2canvas
52 silly REMOVE node_modules/fflate
53 silly REMOVE node_modules/fast-png
54 silly REMOVE node_modules/dompurify
55 silly REMOVE node_modules/css-line-break
56 silly REMOVE node_modules/core-js
57 silly REMOVE node_modules/canvg
58 silly REMOVE node_modules/base64-arraybuffer
59 silly REMOVE node_modules/@types/trusted-types
60 silly REMOVE node_modules/@types/raf
61 silly REMOVE node_modules/@types/pako
62 verbose cwd C:\repos\vendemefacil\apps\web
63 verbose os Windows_NT 10.0.26200
64 verbose node v24.18.0
65 verbose npm  v11.16.0
66 verbose exit 0
67 info ok
