0 verbose cli C:\Program Files\nodejs\node.exe C:\Program Files\nodejs\node_modules\npm\bin\npm-cli.js
1 info using npm@11.16.0
2 info using node@v24.18.0
3 silly config load:file:C:\Program Files\nodejs\node_modules\npm\npmrc
4 silly config load:file:C:\repos\vendemefacil\apps\web\.npmrc
5 silly config load:file:C:\Users\PC\.npmrc
6 silly config load:file:C:\Users\PC\AppData\Roaming\npm\etc\npmrc
7 verbose title npm install jspdf html2canvas
8 verbose argv "install" "jspdf" "html2canvas" "--cache" "C:\\repos\\vendemefacil\\.npm-cache"
9 verbose logfile logs-max:10 dir:C:\repos\vendemefacil\.npm-cache\_logs\2026-08-13T17_41_21_861Z-
10 verbose logfile C:\repos\vendemefacil\.npm-cache\_logs\2026-08-13T17_41_21_861Z-debug-0.log
11 silly logfile done cleaning log files
12 silly packumentCache heap:4496293888 maxSize:1124073472 maxEntrySize:562036736
13 verbose shrinkwrap failed to load node_modules/.package-lock.json out of date, updated: node_modules
14 silly idealTree buildDeps
15 silly fetch manifest jspdf@*
16 silly packumentCache full:https://registry.npmjs.org/jspdf cache-miss
17 http fetch GET 200 https://registry.npmjs.org/jspdf 163ms (cache miss)
18 silly packumentCache full:https://registry.npmjs.org/jspdf set size:undefined disposed:false
19 silly fetch manifest html2canvas@*
20 silly packumentCache full:https://registry.npmjs.org/html2canvas cache-miss
21 http fetch GET 200 https://registry.npmjs.org/npm 308ms
22 http fetch GET 200 https://registry.npmjs.org/html2canvas 67ms (cache miss)
23 silly packumentCache full:https://registry.npmjs.org/html2canvas set size:undefined disposed:false
24 silly placeDep ROOT html2canvas@1.4.1 OK for: vendemefacil-web@0.1.0 want: *
25 silly placeDep ROOT jspdf@4.2.1 OK for: vendemefacil-web@0.1.0 want: *
26 silly fetch manifest css-line-break@^2.1.0
27 silly packumentCache full:https://registry.npmjs.org/css-line-break cache-miss
28 silly fetch manifest text-segmentation@^1.0.3
29 silly packumentCache full:https://registry.npmjs.org/text-segmentation cache-miss
30 silly fetch manifest fflate@^0.8.1
31 silly packumentCache full:https://registry.npmjs.org/fflate cache-miss
32 silly fetch manifest fast-png@^6.2.0
33 silly packumentCache full:https://registry.npmjs.org/fast-png cache-miss
34 silly fetch manifest canvg@^3.0.11
35 silly packumentCache full:https://registry.npmjs.org/canvg cache-miss
36 silly fetch manifest core-js@^3.6.0
37 silly packumentCache full:https://registry.npmjs.org/core-js cache-miss
38 silly fetch manifest dompurify@^3.3.1
39 silly packumentCache full:https://registry.npmjs.org/dompurify cache-miss
40 http fetch GET 200 https://registry.npmjs.org/text-segmentation 62ms (cache miss)
41 silly packumentCache full:https://registry.npmjs.org/text-segmentation set size:undefined disposed:false
42 http fetch GET 200 https://registry.npmjs.org/css-line-break 66ms (cache miss)
43 silly packumentCache full:https://registry.npmjs.org/css-line-break set size:undefined disposed:false
44 http fetch GET 200 https://registry.npmjs.org/fflate 130ms (cache miss)
45 silly packumentCache full:https://registry.npmjs.org/fflate set size:undefined disposed:false
46 http fetch GET 200 https://registry.npmjs.org/fast-png 138ms (cache miss)
47 silly packumentCache full:https://registry.npmjs.org/fast-png set size:undefined disposed:false
48 http fetch GET 200 https://registry.npmjs.org/canvg 146ms (cache miss)
49 silly packumentCache full:https://registry.npmjs.org/canvg set size:undefined disposed:false
50 http fetch GET 200 https://registry.npmjs.org/dompurify 175ms (cache miss)
51 silly packumentCache full:https://registry.npmjs.org/dompurify set size:undefined disposed:false
52 http fetch GET 200 https://registry.npmjs.org/core-js 192ms (cache miss)
53 silly packumentCache full:https://registry.npmjs.org/core-js set size:undefined disposed:false
54 silly placeDep ROOT css-line-break@2.1.0 OK for: html2canvas@1.4.1 want: ^2.1.0
55 silly placeDep ROOT text-segmentation@1.0.3 OK for: html2canvas@1.4.1 want: ^1.0.3
56 silly fetch manifest utrie@^1.0.2
57 silly packumentCache full:https://registry.npmjs.org/utrie cache-miss
58 silly fetch manifest utrie@^1.0.2
59 silly packumentCache full:https://registry.npmjs.org/utrie cache-miss
60 http fetch GET 200 https://registry.npmjs.org/utrie 44ms (cache miss)
61 silly packumentCache full:https://registry.npmjs.org/utrie set size:undefined disposed:false
62 http fetch GET 200 https://registry.npmjs.org/utrie 50ms (cache miss)
63 silly packumentCache full:https://registry.npmjs.org/utrie set size:undefined disposed:false
64 silly placeDep ROOT utrie@1.0.2 OK for: css-line-break@2.1.0 want: ^1.0.2
65 silly fetch manifest base64-arraybuffer@^1.0.2
66 silly packumentCache full:https://registry.npmjs.org/base64-arraybuffer cache-miss
67 http fetch GET 200 https://registry.npmjs.org/base64-arraybuffer 51ms (cache miss)
68 silly packumentCache full:https://registry.npmjs.org/base64-arraybuffer set size:undefined disposed:false
69 silly placeDep ROOT canvg@3.0.11 OK for: jspdf@4.2.1 want: ^3.0.11
70 silly placeDep ROOT core-js@3.50.0 OK for: jspdf@4.2.1 want: ^3.6.0
71 silly placeDep ROOT dompurify@3.4.13 OK for: jspdf@4.2.1 want: ^3.3.1
72 silly placeDep ROOT fast-png@6.4.0 OK for: jspdf@4.2.1 want: ^6.2.0
73 silly placeDep ROOT fflate@0.8.3 OK for: jspdf@4.2.1 want: ^0.8.1
74 silly fetch manifest raf@^3.4.1
75 silly packumentCache full:https://registry.npmjs.org/raf cache-miss
76 silly fetch manifest core-js@^3.8.3
77 silly packumentCache full:https://registry.npmjs.org/core-js cache-miss
78 silly fetch manifest rgbcolor@^1.0.1
79 silly packumentCache full:https://registry.npmjs.org/rgbcolor cache-miss
80 silly fetch manifest @types/raf@^3.4.0
81 silly packumentCache full:https://registry.npmjs.org/@types%2fraf cache-miss
82 silly fetch manifest svg-pathdata@^6.0.3
83 silly packumentCache full:https://registry.npmjs.org/svg-pathdata cache-miss
84 silly fetch manifest stackblur-canvas@^2.0.0
85 silly packumentCache full:https://registry.npmjs.org/stackblur-canvas cache-miss
86 silly fetch manifest regenerator-runtime@^0.13.7
87 silly packumentCache full:https://registry.npmjs.org/regenerator-runtime cache-miss
88 silly fetch manifest @types/trusted-types@^2.0.7
89 silly packumentCache full:https://registry.npmjs.org/@types%2ftrusted-types cache-miss
90 silly fetch manifest pako@^2.1.0
91 silly packumentCache full:https://registry.npmjs.org/pako cache-miss
92 silly fetch manifest iobuffer@^5.3.2
93 silly packumentCache full:https://registry.npmjs.org/iobuffer cache-miss
94 silly fetch manifest @types/pako@^2.0.3
95 silly packumentCache full:https://registry.npmjs.org/@types%2fpako cache-miss
96 http cache https://registry.npmjs.org/core-js 16ms (cache hit)
97 silly packumentCache full:https://registry.npmjs.org/core-js set size:823233 disposed:false
98 http fetch GET 200 https://registry.npmjs.org/@types%2ftrusted-types 68ms (cache miss)
99 silly packumentCache full:https://registry.npmjs.org/@types%2ftrusted-types set size:undefined disposed:false
100 http fetch GET 200 https://registry.npmjs.org/rgbcolor 70ms (cache miss)
101 silly packumentCache full:https://registry.npmjs.org/rgbcolor set size:undefined disposed:false
102 http fetch GET 200 https://registry.npmjs.org/svg-pathdata 76ms (cache miss)
103 silly packumentCache full:https://registry.npmjs.org/svg-pathdata set size:undefined disposed:false
104 http fetch GET 200 https://registry.npmjs.org/@types%2fraf 78ms (cache miss)
105 silly packumentCache full:https://registry.npmjs.org/@types%2fraf set size:undefined disposed:false
106 http fetch GET 200 https://registry.npmjs.org/raf 79ms (cache miss)
107 silly packumentCache full:https://registry.npmjs.org/raf set size:undefined disposed:false
108 http fetch GET 200 https://registry.npmjs.org/regenerator-runtime 78ms (cache miss)
109 silly packumentCache full:https://registry.npmjs.org/regenerator-runtime set size:undefined disposed:false
110 http fetch GET 200 https://registry.npmjs.org/@types%2fpako 116ms (cache miss)
111 silly packumentCache full:https://registry.npmjs.org/@types%2fpako set size:undefined disposed:false
112 http fetch GET 200 https://registry.npmjs.org/iobuffer 121ms (cache miss)
113 silly packumentCache full:https://registry.npmjs.org/iobuffer set size:undefined disposed:false
114 http fetch GET 200 https://registry.npmjs.org/pako 131ms (cache miss)
115 silly packumentCache full:https://registry.npmjs.org/pako set size:undefined disposed:false
116 http fetch GET 200 https://registry.npmjs.org/stackblur-canvas 150ms (cache miss)
117 silly packumentCache full:https://registry.npmjs.org/stackblur-canvas set size:undefined disposed:false
118 silly placeDep ROOT @types/raf@3.4.3 OK for: canvg@3.0.11 want: ^3.4.0
119 silly placeDep ROOT raf@3.4.1 OK for: canvg@3.0.11 want: ^3.4.1
120 silly placeDep ROOT regenerator-runtime@0.13.11 OK for: canvg@3.0.11 want: ^0.13.7
121 silly placeDep ROOT rgbcolor@1.0.1 OK for: canvg@3.0.11 want: ^1.0.1
122 silly placeDep ROOT stackblur-canvas@2.7.0 OK for: canvg@3.0.11 want: ^2.0.0
123 silly placeDep ROOT svg-pathdata@6.0.3 OK for: canvg@3.0.11 want: ^6.0.3
124 silly fetch manifest performance-now@^2.1.0
125 silly packumentCache full:https://registry.npmjs.org/performance-now cache-miss
126 http fetch GET 200 https://registry.npmjs.org/performance-now 58ms (cache miss)
127 silly packumentCache full:https://registry.npmjs.org/performance-now set size:undefined disposed:false
128 silly placeDep ROOT @types/trusted-types@2.0.7 OK for: dompurify@3.4.13 want: ^2.0.7
129 silly placeDep ROOT @types/pako@2.0.4 OK for: fast-png@6.4.0 want: ^2.0.3
130 silly placeDep ROOT iobuffer@5.4.0 OK for: fast-png@6.4.0 want: ^5.3.2
131 silly placeDep ROOT pako@2.2.0 OK for: fast-png@6.4.0 want: ^2.1.0
132 silly placeDep ROOT performance-now@2.1.0 OK for: raf@3.4.1 want: ^2.1.0
133 silly placeDep ROOT base64-arraybuffer@1.0.2 OK for: utrie@1.0.2 want: ^1.0.2
134 silly reify moves {}
135 silly audit bulk request {
135 silly audit   '@adobe/css-tools': [ '4.5.0' ],
135 silly audit   '@asamuzakjp/css-color': [ '6.0.7' ],
135 silly audit   '@asamuzakjp/dom-selector': [ '8.3.2' ],
135 silly audit   '@babel/code-frame': [ '7.29.7' ],
135 silly audit   '@babel/compat-data': [ '7.29.7' ],
135 silly audit   '@babel/core': [ '7.29.7' ],
135 silly audit   '@babel/generator': [ '7.29.8' ],
135 silly audit   '@babel/helper-compilation-targets': [ '7.29.7' ],
135 silly audit   'lru-cache': [ '5.1.1', '11.5.2' ],
135 silly audit   '@babel/helper-globals': [ '7.29.7' ],
135 silly audit   '@babel/helper-module-imports': [ '7.29.7' ],
135 silly audit   '@babel/helper-module-transforms': [ '7.29.7' ],
135 silly audit   '@babel/helper-string-parser': [ '7.29.7' ],
135 silly audit   '@babel/helper-validator-identifier': [ '7.29.7' ],
135 silly audit   '@babel/helper-validator-option': [ '7.29.7' ],
135 silly audit   '@babel/helpers': [ '7.29.7' ],
135 silly audit   '@babel/parser': [ '7.29.8' ],
135 silly audit   '@babel/runtime': [ '7.29.7' ],
135 silly audit   '@babel/template': [ '7.29.7' ],
135 silly audit   '@babel/traverse': [ '7.29.8' ],
135 silly audit   '@babel/types': [ '7.29.8' ],
135 silly audit   '@bramus/specificity': [ '2.4.2' ],
135 silly audit   '@csstools/color-helpers': [ '6.1.0' ],
135 silly audit   '@csstools/css-calc': [ '3.3.0' ],
135 silly audit   '@csstools/css-color-parser': [ '4.1.10' ],
135 silly audit   '@csstools/css-parser-algorithms': [ '4.0.0' ],
135 silly audit   '@csstools/css-syntax-patches-for-csstree': [ '1.1.7' ],
135 silly audit   '@csstools/css-tokenizer': [ '4.0.0' ],
135 silly audit   '@eslint-community/eslint-utils': [ '4.10.1' ],
135 silly audit   'eslint-visitor-keys': [ '3.4.3', '5.0.1' ],
135 silly audit   '@eslint-community/regexpp': [ '4.12.2' ],
135 silly audit   '@eslint/config-array': [ '0.23.5' ],
135 silly audit   '@eslint/config-helpers': [ '0.7.0' ],
135 silly audit   '@eslint/core': [ '1.2.1' ],
135 silly audit   '@eslint/js': [ '10.0.1' ],
135 silly audit   '@eslint/object-schema': [ '3.0.5' ],
135 silly audit   '@eslint/plugin-kit': [ '0.7.2' ],
135 silly audit   '@exodus/bytes': [ '1.15.1' ],
135 silly audit   '@humanfs/core': [ '0.19.2' ],
135 silly audit   '@humanfs/node': [ '0.16.8' ],
135 silly audit   '@humanfs/types': [ '0.15.0' ],
135 silly audit   '@humanwhocodes/module-importer': [ '1.0.1' ],
135 silly audit   '@humanwhocodes/retry': [ '0.4.3' ],
135 silly audit   '@jridgewell/gen-mapping': [ '0.3.13' ],
135 silly audit   '@jridgewell/remapping': [ '2.3.5' ],
135 silly audit   '@jridgewell/resolve-uri': [ '3.1.2' ],
135 silly audit   '@jridgewell/sourcemap-codec': [ '1.5.5' ],
135 silly audit   '@jridgewell/trace-mapping': [ '0.3.31' ],
135 silly audit   '@oxc-project/types': [ '0.144.0' ],
135 silly audit   '@rolldown/binding-android-arm64': [ '1.2.4' ],
135 silly audit   '@rolldown/binding-darwin-arm64': [ '1.2.4' ],
135 silly audit   '@rolldown/binding-darwin-x64': [ '1.2.4' ],
135 silly audit   '@rolldown/binding-freebsd-x64': [ '1.2.4' ],
135 silly audit   '@rolldown/binding-linux-arm-gnueabihf': [ '1.2.4' ],
135 silly audit   '@rolldown/binding-linux-arm64-gnu': [ '1.2.4' ],
135 silly audit   '@rolldown/binding-linux-arm64-musl': [ '1.2.4' ],
135 silly audit   '@rolldown/binding-linux-ppc64-gnu': [ '1.2.4' ],
135 silly audit   '@rolldown/binding-linux-s390x-gnu': [ '1.2.4' ],
135 silly audit   '@rolldown/binding-linux-x64-gnu': [ '1.2.4' ],
135 silly audit   '@rolldown/binding-linux-x64-musl': [ '1.2.4' ],
135 silly audit   '@rolldown/binding-openharmony-arm64': [ '1.2.4' ],
135 silly audit   '@rolldown/binding-win32-arm64-msvc': [ '1.2.4' ],
135 silly audit   '@rolldown/binding-win32-x64-msvc': [ '1.2.4' ],
135 silly audit   '@rolldown/pluginutils': [ '1.0.1' ],
135 silly audit   '@standard-schema/spec': [ '1.1.0' ],
135 silly audit   '@testing-library/dom': [ '10.4.1' ],
135 silly audit   '@testing-library/jest-dom': [ '7.0.1' ],
135 silly audit   'dom-accessibility-api': [ '0.6.3', '0.5.16' ],
135 silly audit   '@testing-library/react': [ '16.3.2' ],
135 silly audit   '@types/aria-query': [ '5.0.4' ],
135 silly audit   '@types/chai': [ '5.2.3' ],
135 silly audit   '@types/deep-eql': [ '4.0.2' ],
135 silly audit   '@types/esrecurse': [ '4.3.1' ],
135 silly audit   '@types/estree': [ '1.0.9' ],
135 silly audit   '@types/json-schema': [ '7.0.15' ],
135 silly audit   '@types/node': [ '26.2.0' ],
135 silly audit   '@types/react': [ '19.2.18' ],
135 silly audit   '@types/react-dom': [ '19.2.4' ],
135 silly audit   '@typescript-eslint/eslint-plugin': [ '8.67.0' ],
135 silly audit   ignore: [ '7.0.6', '5.3.2' ],
135 silly audit   '@typescript-eslint/parser': [ '8.67.0' ],
135 silly audit   '@typescript-eslint/project-service': [ '8.67.0' ],
135 silly audit   '@typescript-eslint/scope-manager': [ '8.67.0' ],
135 silly audit   '@typescript-eslint/tsconfig-utils': [ '8.67.0' ],
135 silly audit   '@typescript-eslint/type-utils': [ '8.67.0' ],
135 silly audit   '@typescript-eslint/types': [ '8.67.0' ],
135 silly audit   '@typescript-eslint/typescript-estree': [ '8.67.0' ],
135 silly audit   semver: [ '7.8.5', '6.3.1' ],
135 silly audit   '@typescript-eslint/utils': [ '8.67.0' ],
135 silly audit   '@typescript-eslint/visitor-keys': [ '8.67.0' ],
135 silly audit   '@vitejs/plugin-react': [ '6.0.5' ],
135 silly audit   '@vitest/expect': [ '4.1.10' ],
135 silly audit   '@vitest/mocker': [ '4.1.10' ],
135 silly audit   '@vitest/pretty-format': [ '4.1.10' ],
135 silly audit   '@vitest/runner': [ '4.1.10' ],
135 silly audit   '@vitest/snapshot': [ '4.1.10' ],
135 silly audit   '@vitest/spy': [ '4.1.10' ],
135 silly audit   '@vitest/utils': [ '4.1.10' ],
135 silly audit   acorn: [ '8.18.0' ],
135 silly audit   'acorn-jsx': [ '5.3.2' ],
135 silly audit   ajv: [ '6.15.0' ],
135 silly audit   'ansi-regex': [ '5.0.1' ],
135 silly audit   'ansi-styles': [ '5.2.0' ],
135 silly audit   'aria-query': [ '5.3.0' ],
135 silly audit   'assertion-error': [ '2.0.1' ],
135 silly audit   'balanced-match': [ '4.0.4' ],
135 silly audit   'baseline-browser-mapping': [ '2.11.13' ],
135 silly audit   'bidi-js': [ '1.0.3' ],
135 silly audit   'brace-expansion': [ '5.0.9' ],
135 silly audit   browserslist: [ '4.28.8' ],
135 silly audit   'caniuse-lite': [ '1.0.30001809' ],
135 silly audit   chai: [ '6.2.2' ],
135 silly audit   'convert-source-map': [ '2.0.0' ],
135 silly audit   'cross-spawn': [ '7.0.6' ],
135 silly audit   'css-tree': [ '3.2.1' ],
135 silly audit   'css.escape': [ '1.5.1' ],
135 silly audit   csstype: [ '3.2.3' ],
135 silly audit   'data-urls': [ '7.0.0' ],
135 silly audit   'whatwg-url': [ '16.0.1', '17.1.0' ],
135 silly audit   debug: [ '4.4.3' ],
135 silly audit   'decimal.js': [ '10.6.0' ],
135 silly audit   'deep-is': [ '0.1.4' ],
135 silly audit   dequal: [ '2.0.3' ],
135 silly audit   'detect-libc': [ '2.1.2' ],
135 silly audit   'electron-to-chromium': [ '1.5.405' ],
135 silly audit   entities: [ '8.0.0' ],
135 silly audit   'es-module-lexer': [ '2.3.1' ],
135 silly audit   escalade: [ '3.2.0' ],
135 silly audit   'escape-string-regexp': [ '4.0.0' ],
135 silly audit   eslint: [ '10.8.1' ],
135 silly audit   'eslint-plugin-react-hooks': [ '7.1.1' ],
135 silly audit   'eslint-plugin-react-refresh': [ '0.5.4' ],
135 silly audit   'eslint-scope': [ '9.1.2' ],
135 silly audit   espree: [ '11.2.0' ],
135 silly audit   esquery: [ '1.7.0' ],
135 silly audit   esrecurse: [ '4.3.0' ],
135 silly audit   estraverse: [ '5.3.0' ],
135 silly audit   'estree-walker': [ '3.0.3' ],
135 silly audit   esutils: [ '2.0.3' ],
135 silly audit   'expect-type': [ '1.4.0' ],
135 silly audit   'fast-deep-equal': [ '3.1.3' ],
135 silly audit   'fast-json-stable-stringify': [ '2.1.0' ],
135 silly audit   'fast-levenshtein': [ '2.0.6' ],
135 silly audit   fdir: [ '6.5.0' ],
135 silly audit   'file-entry-cache': [ '8.0.0' ],
135 silly audit   'find-up': [ '5.0.0' ],
135 silly audit   'flat-cache': [ '4.0.1' ],
135 silly audit   flatted: [ '3.4.4' ],
135 silly audit   fsevents: [ '2.3.3' ],
135 silly audit   gensync: [ '1.0.0-beta.2' ],
135 silly audit   'glob-parent': [ '6.0.2' ],
135 silly audit   globals: [ '17.11.0' ],
135 silly audit   'hermes-estree': [ '0.25.1' ],
135 silly audit   'hermes-parser': [ '0.25.1' ],
135 silly audit   'html-encoding-sniffer': [ '6.0.0' ],
135 silly audit   imurmurhash: [ '0.1.4' ],
135 silly audit   'indent-string': [ '4.0.0' ],
135 silly audit   'is-extglob': [ '2.1.1' ],
135 silly audit   'is-glob': [ '4.0.3' ],
135 silly audit   'is-potential-custom-element-name': [ '1.0.1' ],
135 silly audit   isexe: [ '2.0.0' ],
135 silly audit   'js-tokens': [ '4.0.0' ],
135 silly audit   jsdom: [ '30.0.1' ],
135 silly audit   jsesc: [ '3.1.0' ],
135 silly audit   'json-buffer': [ '3.0.1' ],
135 silly audit   'json-schema-traverse': [ '0.4.1' ],
135 silly audit   'json-stable-stringify-without-jsonify': [ '1.0.1' ],
135 silly audit   json5: [ '2.2.3' ],
135 silly audit   keyv: [ '4.5.4' ],
135 silly audit   levn: [ '0.4.1' ],
135 silly audit   lightningcss: [ '1.33.0' ],
135 silly audit   'lightningcss-android-arm64': [ '1.33.0' ],
135 silly audit   'lightningcss-darwin-arm64': [ '1.33.0' ],
135 silly audit   'lightningcss-darwin-x64': [ '1.33.0' ],
135 silly audit   'lightningcss-freebsd-x64': [ '1.33.0' ],
135 silly audit   'lightningcss-linux-arm-gnueabihf': [ '1.33.0' ],
135 silly audit   'lightningcss-linux-arm64-gnu': [ '1.33.0' ],
135 silly audit   'lightningcss-linux-arm64-musl': [ '1.33.0' ],
135 silly audit   'lightningcss-linux-x64-gnu': [ '1.33.0' ],
135 silly audit   'lightningcss-linux-x64-musl': [ '1.33.0' ],
135 silly audit   'lightningcss-win32-arm64-msvc': [ '1.33.0' ],
135 silly audit   'lightningcss-win32-x64-msvc': [ '1.33.0' ],
135 silly audit   'locate-path': [ '6.0.0' ],
135 silly audit   'lucide-react': [ '1.31.0' ],
135 silly audit   'lz-string': [ '1.5.0' ],
135 silly audit   'magic-string': [ '0.30.21' ],
135 silly audit   'mdn-data': [ '2.27.1' ],
135 silly audit   'min-indent': [ '1.0.1' ],
135 silly audit   minimatch: [ '10.2.6' ],
135 silly audit   ms: [ '2.1.3' ],
135 silly audit   nanoid: [ '3.3.18' ],
135 silly audit   'natural-compare': [ '1.4.0' ],
135 silly audit   'node-releases': [ '2.0.53' ],
135 silly audit   obug: [ '2.1.4' ],
135 silly audit   optionator: [ '0.9.4' ],
135 silly audit   'p-limit': [ '3.1.0' ],
135 silly audit   'p-locate': [ '5.0.0' ],
135 silly audit   parse5: [ '8.0.1' ],
135 silly audit   'path-exists': [ '4.0.0' ],
135 silly audit   'path-key': [ '3.1.1' ],
135 silly audit   pathe: [ '2.0.3' ],
135 silly audit   picocolors: [ '1.1.1' ],
135 silly audit   picomatch: [ '4.0.5' ],
135 silly audit   postcss: [ '8.5.26' ],
135 silly audit   'prelude-ls': [ '1.2.1' ],
135 silly audit   'pretty-format': [ '27.5.1' ],
135 silly audit   punycode: [ '2.3.1' ],
135 silly audit   react: [ '19.2.8' ],
135 silly audit   'react-dom': [ '19.2.8' ],
135 silly audit   'react-is': [ '17.0.2' ],
135 silly audit   redent: [ '3.0.0' ],
135 silly audit   'require-from-string': [ '2.0.2' ],
135 silly audit   rolldown: [ '1.2.4' ],
135 silly audit   saxes: [ '6.0.0' ],
135 silly audit   scheduler: [ '0.27.0' ],
135 silly audit   'shebang-command': [ '2.0.0' ],
135 silly audit   'shebang-regex': [ '3.0.0' ],
135 silly audit   siginfo: [ '2.0.0' ],
135 silly audit   'source-map-js': [ '1.2.1' ],
135 silly audit   stackback: [ '0.0.2' ],
135 silly audit   'std-env': [ '4.2.0' ],
135 silly audit   'strip-indent': [ '3.0.0' ],
135 silly audit   'symbol-tree': [ '3.2.4' ],
135 silly audit   tinybench: [ '2.9.0' ],
135 silly audit   tinyexec: [ '1.3.0' ],
135 silly audit   tinyglobby: [ '0.2.17' ],
135 silly audit   tinyrainbow: [ '3.1.1' ],
135 silly audit   tldts: [ '7.4.10' ],
135 silly audit   'tldts-core': [ '7.4.10' ],
135 silly audit   'tough-cookie': [ '6.0.2' ],
135 silly audit   tr46: [ '6.0.0' ],
135 silly audit   'ts-api-utils': [ '2.5.0' ],
135 silly audit   'type-check': [ '0.4.0' ],
135 silly audit   typescript: [ '6.0.3' ],
135 silly audit   'typescript-eslint': [ '8.67.0' ],
135 silly audit   undici: [ '8.10.0' ],
135 silly audit   'undici-types': [ '8.3.0' ],
135 silly audit   'update-browserslist-db': [ '1.3.1' ],
135 silly audit   'uri-js': [ '4.4.1' ],
135 silly audit   vite: [ '8.2.1' ],
135 silly audit   vitest: [ '4.1.10' ],
135 silly audit   'w3c-xmlserializer': [ '5.0.0' ],
135 silly audit   'webidl-conversions': [ '8.0.1' ],
135 silly audit   'whatwg-mimetype': [ '5.0.0' ],
135 silly audit   which: [ '2.0.2' ],
135 silly audit   'why-is-node-running': [ '2.3.0' ],
135 silly audit   'word-wrap': [ '1.2.5' ],
135 silly audit   'xml-name-validator': [ '5.0.0' ],
135 silly audit   xmlchars: [ '2.2.0' ],
135 silly audit   yallist: [ '3.1.1' ],
135 silly audit   'yocto-queue': [ '0.1.0' ],
135 silly audit   zod: [ '4.4.3' ],
135 silly audit   'zod-validation-error': [ '4.0.2' ],
135 silly audit   html2canvas: [ '1.4.1' ],
135 silly audit   jspdf: [ '4.2.1' ],
135 silly audit   'css-line-break': [ '2.1.0' ],
135 silly audit   'text-segmentation': [ '1.0.3' ],
135 silly audit   utrie: [ '1.0.2' ],
135 silly audit   canvg: [ '3.0.11' ],
135 silly audit   'core-js': [ '3.50.0' ],
135 silly audit   dompurify: [ '3.4.13' ],
135 silly audit   'fast-png': [ '6.4.0' ],
135 silly audit   fflate: [ '0.8.3' ],
135 silly audit   '@types/raf': [ '3.4.3' ],
135 silly audit   raf: [ '3.4.1' ],
135 silly audit   'regenerator-runtime': [ '0.13.11' ],
135 silly audit   rgbcolor: [ '1.0.1' ],
135 silly audit   'stackblur-canvas': [ '2.7.0' ],
135 silly audit   'svg-pathdata': [ '6.0.3' ],
135 silly audit   '@types/trusted-types': [ '2.0.7' ],
135 silly audit   '@types/pako': [ '2.0.4' ],
135 silly audit   iobuffer: [ '5.4.0' ],
135 silly audit   pako: [ '2.2.0' ],
135 silly audit   'performance-now': [ '2.1.0' ],
135 silly audit   'base64-arraybuffer': [ '1.0.2' ]
135 silly audit }
136 http cache @types/pako@https://registry.npmjs.org/@types/pako/-/pako-2.0.4.tgz 0ms (cache hit)
137 http cache performance-now@https://registry.npmjs.org/performance-now/-/performance-now-2.1.0.tgz 0ms (cache hit)
138 http cache base64-arraybuffer@https://registry.npmjs.org/base64-arraybuffer/-/base64-arraybuffer-1.0.2.tgz 0ms (cache hit)
139 http cache pako@https://registry.npmjs.org/pako/-/pako-2.2.0.tgz 0ms (cache hit)
140 http cache @types/trusted-types@https://registry.npmjs.org/@types/trusted-types/-/trusted-types-2.0.7.tgz 0ms (cache hit)
141 http cache iobuffer@https://registry.npmjs.org/iobuffer/-/iobuffer-5.4.0.tgz 0ms (cache hit)
142 http cache stackblur-canvas@https://registry.npmjs.org/stackblur-canvas/-/stackblur-canvas-2.7.0.tgz 0ms (cache hit)
143 http cache svg-pathdata@https://registry.npmjs.org/svg-pathdata/-/svg-pathdata-6.0.3.tgz 0ms (cache hit)
144 http cache rgbcolor@https://registry.npmjs.org/rgbcolor/-/rgbcolor-1.0.1.tgz 0ms (cache hit)
145 http cache @types/raf@https://registry.npmjs.org/@types/raf/-/raf-3.4.3.tgz 0ms (cache hit)
146 http cache raf@https://registry.npmjs.org/raf/-/raf-3.4.1.tgz 0ms (cache hit)
147 http cache regenerator-runtime@https://registry.npmjs.org/regenerator-runtime/-/regenerator-runtime-0.13.11.tgz 0ms (cache hit)
148 http cache fflate@https://registry.npmjs.org/fflate/-/fflate-0.8.3.tgz 0ms (cache hit)
149 http cache fast-png@https://registry.npmjs.org/fast-png/-/fast-png-6.4.0.tgz 0ms (cache hit)
150 http cache dompurify@https://registry.npmjs.org/dompurify/-/dompurify-3.4.13.tgz 0ms (cache hit)
151 http cache canvg@https://registry.npmjs.org/canvg/-/canvg-3.0.11.tgz 0ms (cache hit)
152 http cache text-segmentation@https://registry.npmjs.org/text-segmentation/-/text-segmentation-1.0.3.tgz 0ms (cache hit)
153 http cache core-js@https://registry.npmjs.org/core-js/-/core-js-3.50.0.tgz 0ms (cache hit)
154 http cache utrie@https://registry.npmjs.org/utrie/-/utrie-1.0.2.tgz 0ms (cache hit)
155 http cache css-line-break@https://registry.npmjs.org/css-line-break/-/css-line-break-2.1.0.tgz 0ms (cache hit)
156 http cache jspdf@https://registry.npmjs.org/jspdf/-/jspdf-4.2.1.tgz 0ms (cache hit)
157 silly tarball no local data for @types/pako@https://registry.npmjs.org/@types/pako/-/pako-2.0.4.tgz. Extracting by manifest.
158 silly tarball no local data for performance-now@https://registry.npmjs.org/performance-now/-/performance-now-2.1.0.tgz. Extracting by manifest.
159 silly tarball no local data for base64-arraybuffer@https://registry.npmjs.org/base64-arraybuffer/-/base64-arraybuffer-1.0.2.tgz. Extracting by manifest.
160 silly tarball no local data for pako@https://registry.npmjs.org/pako/-/pako-2.2.0.tgz. Extracting by manifest.
161 silly tarball no local data for @types/trusted-types@https://registry.npmjs.org/@types/trusted-types/-/trusted-types-2.0.7.tgz. Extracting by manifest.
162 silly tarball no local data for iobuffer@https://registry.npmjs.org/iobuffer/-/iobuffer-5.4.0.tgz. Extracting by manifest.
163 silly tarball no local data for stackblur-canvas@https://registry.npmjs.org/stackblur-canvas/-/stackblur-canvas-2.7.0.tgz. Extracting by manifest.
164 silly tarball no local data for svg-pathdata@https://registry.npmjs.org/svg-pathdata/-/svg-pathdata-6.0.3.tgz. Extracting by manifest.
165 silly tarball no local data for rgbcolor@https://registry.npmjs.org/rgbcolor/-/rgbcolor-1.0.1.tgz. Extracting by manifest.
166 silly tarball no local data for @types/raf@https://registry.npmjs.org/@types/raf/-/raf-3.4.3.tgz. Extracting by manifest.
167 silly tarball no local data for raf@https://registry.npmjs.org/raf/-/raf-3.4.1.tgz. Extracting by manifest.
168 silly tarball no local data for regenerator-runtime@https://registry.npmjs.org/regenerator-runtime/-/regenerator-runtime-0.13.11.tgz. Extracting by manifest.
169 silly tarball no local data for fflate@https://registry.npmjs.org/fflate/-/fflate-0.8.3.tgz. Extracting by manifest.
170 silly tarball no local data for fast-png@https://registry.npmjs.org/fast-png/-/fast-png-6.4.0.tgz. Extracting by manifest.
171 silly tarball no local data for dompurify@https://registry.npmjs.org/dompurify/-/dompurify-3.4.13.tgz. Extracting by manifest.
172 silly tarball no local data for canvg@https://registry.npmjs.org/canvg/-/canvg-3.0.11.tgz. Extracting by manifest.
173 http cache html2canvas@https://registry.npmjs.org/html2canvas/-/html2canvas-1.4.1.tgz 0ms (cache hit)
174 silly tarball no local data for text-segmentation@https://registry.npmjs.org/text-segmentation/-/text-segmentation-1.0.3.tgz. Extracting by manifest.
175 silly tarball no local data for core-js@https://registry.npmjs.org/core-js/-/core-js-3.50.0.tgz. Extracting by manifest.
176 silly tarball no local data for utrie@https://registry.npmjs.org/utrie/-/utrie-1.0.2.tgz. Extracting by manifest.
177 silly tarball no local data for css-line-break@https://registry.npmjs.org/css-line-break/-/css-line-break-2.1.0.tgz. Extracting by manifest.
178 silly tarball no local data for jspdf@https://registry.npmjs.org/jspdf/-/jspdf-4.2.1.tgz. Extracting by manifest.
179 silly tarball no local data for html2canvas@https://registry.npmjs.org/html2canvas/-/html2canvas-1.4.1.tgz. Extracting by manifest.
180 http fetch GET 200 https://registry.npmjs.org/base64-arraybuffer/-/base64-arraybuffer-1.0.2.tgz 98ms (cache miss)
181 http fetch GET 200 https://registry.npmjs.org/rgbcolor/-/rgbcolor-1.0.1.tgz 112ms (cache miss)
182 http fetch GET 200 https://registry.npmjs.org/@types/trusted-types/-/trusted-types-2.0.7.tgz 124ms (cache miss)
183 http fetch GET 200 https://registry.npmjs.org/@types/pako/-/pako-2.0.4.tgz 144ms (cache miss)
184 http fetch POST 200 https://registry.npmjs.org/-/npm/v1/security/advisories/bulk 188ms
185 silly audit report {}
186 http fetch GET 200 https://registry.npmjs.org/@types/raf/-/raf-3.4.3.tgz 219ms (cache miss)
187 http fetch GET 200 https://registry.npmjs.org/regenerator-runtime/-/regenerator-runtime-0.13.11.tgz 300ms (cache miss)
188 http fetch GET 200 https://registry.npmjs.org/iobuffer/-/iobuffer-5.4.0.tgz 403ms (cache miss)
189 http fetch GET 200 https://registry.npmjs.org/raf/-/raf-3.4.1.tgz 414ms (cache miss)
190 http fetch GET 200 https://registry.npmjs.org/stackblur-canvas/-/stackblur-canvas-2.7.0.tgz 442ms (cache miss)
191 http fetch GET 200 https://registry.npmjs.org/performance-now/-/performance-now-2.1.0.tgz 445ms (cache miss)
192 http fetch GET 200 https://registry.npmjs.org/svg-pathdata/-/svg-pathdata-6.0.3.tgz 671ms (cache miss)
193 http fetch GET 200 https://registry.npmjs.org/utrie/-/utrie-1.0.2.tgz 730ms (cache miss)
194 http fetch GET 200 https://registry.npmjs.org/text-segmentation/-/text-segmentation-1.0.3.tgz 753ms (cache miss)
195 http fetch GET 200 https://registry.npmjs.org/fflate/-/fflate-0.8.3.tgz 780ms (cache miss)
196 http fetch GET 200 https://registry.npmjs.org/dompurify/-/dompurify-3.4.13.tgz 886ms (cache miss)
197 http fetch GET 200 https://registry.npmjs.org/css-line-break/-/css-line-break-2.1.0.tgz 981ms (cache miss)
198 http fetch GET 200 https://registry.npmjs.org/pako/-/pako-2.2.0.tgz 994ms (cache miss)
199 http fetch GET 200 https://registry.npmjs.org/fast-png/-/fast-png-6.4.0.tgz 1153ms (cache miss)
200 http fetch GET 200 https://registry.npmjs.org/jspdf/-/jspdf-4.2.1.tgz 1370ms (cache miss)
201 http fetch GET 200 https://registry.npmjs.org/canvg/-/canvg-3.0.11.tgz 1743ms (cache miss)
202 http fetch GET 200 https://registry.npmjs.org/html2canvas/-/html2canvas-1.4.1.tgz 4036ms (cache miss)
203 http fetch GET 200 https://registry.npmjs.org/core-js/-/core-js-3.50.0.tgz 10520ms (cache miss)
204 info run core-js@3.50.0 postinstall node_modules/core-js node -e "try{require('./postinstall')}catch(e){}"
205 info run core-js@3.50.0 postinstall { code: 0, signal: null }
206 silly ADD node_modules/base64-arraybuffer
207 silly ADD node_modules/performance-now
208 silly ADD node_modules/pako
209 silly ADD node_modules/iobuffer
210 silly ADD node_modules/@types/pako
211 silly ADD node_modules/@types/trusted-types
212 silly ADD node_modules/svg-pathdata
213 silly ADD node_modules/stackblur-canvas
214 silly ADD node_modules/rgbcolor
215 silly ADD node_modules/regenerator-runtime
216 silly ADD node_modules/raf
217 silly ADD node_modules/@types/raf
218 silly ADD node_modules/fflate
219 silly ADD node_modules/fast-png
220 silly ADD node_modules/dompurify
221 silly ADD node_modules/core-js
222 silly ADD node_modules/canvg
223 silly ADD node_modules/utrie
224 silly ADD node_modules/text-segmentation
225 silly ADD node_modules/css-line-break
226 silly ADD node_modules/jspdf
227 silly ADD node_modules/html2canvas
228 warn allow-scripts 1 package has install scripts not yet covered by allowScripts:
228 warn allow-scripts   core-js@3.50.0 (postinstall: node -e "try{require('./postinstall')}catch(e){}")
228 warn allow-scripts
228 warn allow-scripts Run `npm approve-scripts --allow-scripts-pending` to review, or `npm approve-scripts <pkg>` to allow.
229 verbose cwd C:\repos\vendemefacil\apps\web
230 verbose os Windows_NT 10.0.26200
231 verbose node v24.18.0
232 verbose npm  v11.16.0
233 notice
233 notice New major version of npm available! 11.16.0 -> 12.0.2
233 notice Changelog: https://github.com/npm/cli/releases/tag/v12.0.2
233 notice To update run: npm install -g npm@12.0.2
233 notice  { force: true, Symbol(proc-log.meta): true }
234 verbose exit 0
235 info ok
